Archive member included because of file (symbol)

C:/nxp/S32DS_ARM_v2018.R1/S32DS/arm_ewl2/lib/armv6-m\libc.a(exit.o)
                              C:/nxp/S32DS_ARM_v2018.R1/S32DS/arm_ewl2/lib/armv6-m/__arm_start.o (exit)
C:/nxp/S32DS_ARM_v2018.R1/S32DS/arm_ewl2/lib/armv6-m\libc.a(memcpy.o)
                              ./KEAZN64/sources/kbi.o (memcpy)
C:/nxp/S32DS_ARM_v2018.R1/S32DS/arm_ewl2/lib/armv6-m\libc.a(memset.o)
                              C:/nxp/S32DS_ARM_v2018.R1/S32DS/arm_ewl2/lib/armv6-m/__arm_start.o (memset)
C:/nxp/S32DS_ARM_v2018.R1/S32DS/arm_ewl2/lib/armv6-m\libc.a(strlen.o)
                              ./KEAZN64/sources/printf.o (strlen)
C:/nxp/S32DS_ARM_v2018.R1/S32DS/arm_ewl2/lib/armv6-m\libc.a(__filll_mem.o)
                              C:/nxp/S32DS_ARM_v2018.R1/S32DS/arm_ewl2/lib/armv6-m\libc.a(memset.o) (__fill_mem)
c:/nxp/s32ds_arm_v2018.r1/cross_tools/gcc-arm-none-eabi-4_9/bin/../lib/gcc/arm-none-eabi/4.9.3/armv6-m\libgcc.a(_udivsi3.o)
                              ./Project_Settings/Startup_Code/system_SKEAZN642.o (__aeabi_uidiv)
c:/nxp/s32ds_arm_v2018.r1/cross_tools/gcc-arm-none-eabi-4_9/bin/../lib/gcc/arm-none-eabi/4.9.3/armv6-m\libgcc.a(_divsi3.o)
                              ./KEAZN64/sources/printf.o (__aeabi_idiv)
c:/nxp/s32ds_arm_v2018.r1/cross_tools/gcc-arm-none-eabi-4_9/bin/../lib/gcc/arm-none-eabi/4.9.3/armv6-m\libgcc.a(_dvmd_tls.o)
                              c:/nxp/s32ds_arm_v2018.r1/cross_tools/gcc-arm-none-eabi-4_9/bin/../lib/gcc/arm-none-eabi/4.9.3/armv6-m\libgcc.a(_udivsi3.o) (__aeabi_idiv0)
c:/nxp/s32ds_arm_v2018.r1/cross_tools/gcc-arm-none-eabi-4_9/bin/../lib/gcc/arm-none-eabi/4.9.3/armv6-m\libgcc.a(_fixunsdfsi.o)
                              ./KEAZN64/LIN_Driver/bsp/UART/lin_isr.o (__aeabi_d2uiz)
c:/nxp/s32ds_arm_v2018.r1/cross_tools/gcc-arm-none-eabi-4_9/bin/../lib/gcc/arm-none-eabi/4.9.3/armv6-m\libgcc.a(adddf3.o)
                              ./KEAZN64/LIN_Driver/bsp/UART/lin_isr.o (__aeabi_dadd)
c:/nxp/s32ds_arm_v2018.r1/cross_tools/gcc-arm-none-eabi-4_9/bin/../lib/gcc/arm-none-eabi/4.9.3/armv6-m\libgcc.a(subdf3.o)
                              c:/nxp/s32ds_arm_v2018.r1/cross_tools/gcc-arm-none-eabi-4_9/bin/../lib/gcc/arm-none-eabi/4.9.3/armv6-m\libgcc.a(_fixunsdfsi.o) (__aeabi_dsub)
c:/nxp/s32ds_arm_v2018.r1/cross_tools/gcc-arm-none-eabi-4_9/bin/../lib/gcc/arm-none-eabi/4.9.3/armv6-m\libgcc.a(fixdfsi.o)
                              c:/nxp/s32ds_arm_v2018.r1/cross_tools/gcc-arm-none-eabi-4_9/bin/../lib/gcc/arm-none-eabi/4.9.3/armv6-m\libgcc.a(_fixunsdfsi.o) (__aeabi_d2iz)
c:/nxp/s32ds_arm_v2018.r1/cross_tools/gcc-arm-none-eabi-4_9/bin/../lib/gcc/arm-none-eabi/4.9.3/armv6-m\libgcc.a(floatunsidf.o)
                              ./KEAZN64/LIN_Driver/bsp/UART/lin_isr.o (__aeabi_ui2d)
c:/nxp/s32ds_arm_v2018.r1/cross_tools/gcc-arm-none-eabi-4_9/bin/../lib/gcc/arm-none-eabi/4.9.3/armv6-m\libgcc.a(_arm_cmpdf2.o)
                              c:/nxp/s32ds_arm_v2018.r1/cross_tools/gcc-arm-none-eabi-4_9/bin/../lib/gcc/arm-none-eabi/4.9.3/armv6-m\libgcc.a(_fixunsdfsi.o) (__aeabi_dcmpge)
c:/nxp/s32ds_arm_v2018.r1/cross_tools/gcc-arm-none-eabi-4_9/bin/../lib/gcc/arm-none-eabi/4.9.3/armv6-m\libgcc.a(_clzsi2.o)
                              c:/nxp/s32ds_arm_v2018.r1/cross_tools/gcc-arm-none-eabi-4_9/bin/../lib/gcc/arm-none-eabi/4.9.3/armv6-m\libgcc.a(adddf3.o) (__clzsi2)
c:/nxp/s32ds_arm_v2018.r1/cross_tools/gcc-arm-none-eabi-4_9/bin/../lib/gcc/arm-none-eabi/4.9.3/armv6-m\libgcc.a(eqdf2.o)
                              c:/nxp/s32ds_arm_v2018.r1/cross_tools/gcc-arm-none-eabi-4_9/bin/../lib/gcc/arm-none-eabi/4.9.3/armv6-m\libgcc.a(_arm_cmpdf2.o) (__eqdf2)
c:/nxp/s32ds_arm_v2018.r1/cross_tools/gcc-arm-none-eabi-4_9/bin/../lib/gcc/arm-none-eabi/4.9.3/armv6-m\libgcc.a(gedf2.o)
                              c:/nxp/s32ds_arm_v2018.r1/cross_tools/gcc-arm-none-eabi-4_9/bin/../lib/gcc/arm-none-eabi/4.9.3/armv6-m\libgcc.a(_arm_cmpdf2.o) (__gedf2)
c:/nxp/s32ds_arm_v2018.r1/cross_tools/gcc-arm-none-eabi-4_9/bin/../lib/gcc/arm-none-eabi/4.9.3/armv6-m\libgcc.a(ledf2.o)
                              c:/nxp/s32ds_arm_v2018.r1/cross_tools/gcc-arm-none-eabi-4_9/bin/../lib/gcc/arm-none-eabi/4.9.3/armv6-m\libgcc.a(_arm_cmpdf2.o) (__ledf2)
C:/nxp/S32DS_ARM_v2018.R1/S32DS/arm_ewl2/lib/armv6-m\librt.a(gcc_ctor_dtor.o)
                              C:/nxp/S32DS_ARM_v2018.R1/S32DS/arm_ewl2/lib/armv6-m/__arm_start.o (__init_cpp)
C:/nxp/S32DS_ARM_v2018.R1/S32DS/arm_ewl2/lib/armv6-m\librt.a(__arm_eabi_init.o)
                              C:/nxp/S32DS_ARM_v2018.R1/S32DS/arm_ewl2/lib/armv6-m\libc.a(exit.o) (__destroy_global_chain)
C:/nxp/S32DS_ARM_v2018.R1/S32DS/arm_ewl2/lib/armv6-m\librt.a(ROMCopy.o)
                              C:/nxp/S32DS_ARM_v2018.R1/S32DS/arm_ewl2/lib/armv6-m/__arm_start.o (__copy_rom_sections_to_ram)

Allocating common symbols
Common symbol       size              file

tl_current_tx_pdu_ptr
                    0x4               ./KEAZN64/lin_cfg/lin_cfg.o
[...]
Memory Configuration

Name             Origin             Length             Attributes
FLASH_1          0x00000000         0x00000400         xr
FLASH_CONFIG     0x00000400         0x00000010         xr
FLASH_2          0x00000410         0x0000fbf0         xr
SRAM             0x1ffffc00         0x00001000         rw
*default*        0x00000000         0xffffffff

Linker script and memory map

LOAD C:/nxp/S32DS_ARM_v2018.R1/S32DS/arm_ewl2/lib/armv6-m/__arm_start.o
LOAD ./src/main.o
LOAD ./Project_Settings/Startup_Code/system_SKEAZN642.o
LOAD ./Project_Settings/Startup_Code/startup_SKEAZN642.o
LOAD ./KEAZN64/sources/wdog.o
LOAD ./KEAZN64/sources/uart.o
LOAD ./KEAZN64/sources/spi.o
LOAD ./KEAZN64/sources/rtc.o
LOAD ./KEAZN64/sources/pwt.o
LOAD ./KEAZN64/sources/printf.o
LOAD ./KEAZN64/sources/pmc.o
LOAD ./KEAZN64/sources/pit.o
LOAD ./KEAZN64/sources/nvic.o
LOAD ./KEAZN64/sources/kbi.o
LOAD ./KEAZN64/sources/ics.o
LOAD ./KEAZN64/sources/i2c.o
LOAD ./KEAZN64/sources/ftm.o
LOAD ./KEAZN64/sources/flash.o
LOAD ./KEAZN64/sources/crc.o
LOAD ./KEAZN64/sources/adc.o
LOAD ./KEAZN64/sources/acmp.o
LOAD ./KEAZN64/lin_cfg/lin_cfg.o
LOAD ./KEAZN64/LIN_Driver/transport/lin_lin21tl_api.o
LOAD ./KEAZN64/LIN_Driver/transport/lin_j2602tl_api.o
LOAD ./KEAZN64/LIN_Driver/transport/lin_commontl_proto.o
LOAD ./KEAZN64/LIN_Driver/transport/lin_commontl_api.o
LOAD ./KEAZN64/LIN_Driver/lowlevel/lin.o
LOAD ./KEAZN64/LIN_Driver/diagnostic/lin_diagnostic_service.o
LOAD ./KEAZN64/LIN_Driver/coreapi/lin_lin21_proto.o
LOAD ./KEAZN64/LIN_Driver/coreapi/lin_lin21_api.o
LOAD ./KEAZN64/LIN_Driver/coreapi/lin_j2602_proto.o
LOAD ./KEAZN64/LIN_Driver/coreapi/lin_j2602_api.o
LOAD ./KEAZN64/LIN_Driver/coreapi/lin_common_proto.o
LOAD ./KEAZN64/LIN_Driver/coreapi/lin_common_api.o
LOAD ./KEAZN64/LIN_Driver/bsp/UART/lin_lld_uart.o
LOAD ./KEAZN64/LIN_Driver/bsp/UART/lin_lld_timesrv.o
LOAD ./KEAZN64/LIN_Driver/bsp/UART/lin_isr.o
START GROUP
LOAD C:/nxp/S32DS_ARM_v2018.R1/S32DS/arm_ewl2/lib/armv6-m\libc.a
LOAD C:/nxp/S32DS_ARM_v2018.R1/S32DS/arm_ewl2/lib/armv6-m\libm.a
LOAD c:/nxp/s32ds_arm_v2018.r1/cross_tools/gcc-arm-none-eabi-4_9/bin/../lib/gcc/arm-none-eabi/4.9.3/armv6-m\libgcc.a
LOAD C:/nxp/S32DS_ARM_v2018.R1/S32DS/arm_ewl2/lib/armv6-m\librt.a
LOAD C:/nxp/S32DS_ARM_v2018.R1/S32DS/arm_ewl2/lib/armv6-m\libnoio.a
END GROUP
LOAD C:/nxp/S32DS_ARM_v2018.R1/S32DS/arm_ewl2/lib/armv6-m/__arm_end.o
                0x20000c00                _estack = 0x20000c00
                0x20000c00                __SP_INIT = _estack
                0x00000500                HEAP_SIZE = DEFINED (__heap_size__)?__heap_size__:0x500
                0x00000400                STACK_SIZE = DEFINED (__stack_size__)?__stack_size__:0x400

.interrupts     0x00000000       0xc0
                0x00000000                __VECTOR_TABLE = .
                0x00000000                . = ALIGN (0x4)
 *(.isr_vector)
 .isr_vector    0x00000000       0xc0 ./Project_Settings/Startup_Code/startup_SKEAZN642.o
                0x00000000                __isr_vector
                0x000000c0                . = ALIGN (0x4)

.flash_config   0x00000400       0x10
                0x00000400                . = ALIGN (0x4)
 *(.FlashConfig)
 .FlashConfig   0x00000400       0x10 ./Project_Settings/Startup_Code/startup_SKEAZN642.o
                0x00000410                . = ALIGN (0x4)

.text           0x00000410     0x189c
                0x00000410                . = ALIGN (0x4)
 *(.text)
 .text          0x00000410       0x44 ./Project_Settings/Startup_Code/startup_SKEAZN642.o
                0x00000410                Reset_Handler
                0x0000044c                Reserved16_IRQHandler
                0x0000044c                HardFault_Handler
                0x0000044c                SysTick_Handler
                0x0000044c                PendSV_Handler
                0x0000044c                NMI_Handler
                0x0000044c                Reserved19_IRQHandler
                0x0000044c                Reserved42_IRQHandler
                0x0000044c                DefaultISR
                0x0000044c                Reserved25_IRQHandler
                0x0000044c                IRQ_IRQHandler
                0x0000044c                Reserved18_IRQHandler
                0x0000044c                Reserved20_IRQHandler
                0x0000044c                Reserved17_IRQHandler
                0x0000044c                Reserved47_IRQHandler
                0x0000044c                WDOG_EWM_IRQHandler
                0x0000044c                SVC_Handler
                0x0000044c                ICS_IRQHandler
                0x0000044c                FTMRH_IRQHandler
                0x0000044c                Reserved46_IRQHandler
                0x0000044c                Reserved45_IRQHandler
                0x0000044c                LVD_LVW_IRQHandler
 .text          0x00000454      0x120 c:/nxp/s32ds_arm_v2018.r1/cross_tools/gcc-arm-none-eabi-4_9/bin/../lib/gcc/arm-none-eabi/4.9.3/armv6-m\libgcc.a(_udivsi3.o)
                0x00000454                __aeabi_uidiv
                0x00000454                __udivsi3
                0x00000560                __aeabi_uidivmod
 .text          0x00000574      0x1e0 c:/nxp/s32ds_arm_v2018.r1/cross_tools/gcc-arm-none-eabi-4_9/bin/../lib/gcc/arm-none-eabi/4.9.3/armv6-m\libgcc.a(_divsi3.o)
                0x00000574                __divsi3
                0x00000574                __aeabi_idiv
                0x00000740                __aeabi_idivmod
 .text          0x00000754        0x4 c:/nxp/s32ds_arm_v2018.r1/cross_tools/gcc-arm-none-eabi-4_9/bin/../lib/gcc/arm-none-eabi/4.9.3/armv6-m\libgcc.a(_dvmd_tls.o)
                0x00000754                __aeabi_idiv0
                0x00000754                __aeabi_ldiv0
 *(.text*)
 .text.__thumb_startup
                0x00000758       0x3c C:/nxp/S32DS_ARM_v2018.R1/S32DS/arm_ewl2/lib/armv6-m/__arm_start.o
                0x00000758                __thumb_startup
 .text.main     0x00000794      0x114 ./src/main.o
                0x00000794                main
 .text.SystemInit
                0x000008a8       0x24 ./Project_Settings/Startup_Code/system_SKEAZN642.o
                0x000008a8                SystemInit
 .text.UART_Set1StopBit
                0x000008cc       0x20 ./KEAZN64/sources/uart.o
 .text.UART_Set2StopBit
                0x000008ec       0x20 ./KEAZN64/sources/uart.o
 .text.UART_Init
                0x0000090c      0x1a4 ./KEAZN64/sources/uart.o
                0x0000090c                UART_Init
 .text.UART_PutChar
                0x00000ab0       0x2c ./KEAZN64/sources/uart.o
                0x00000ab0                UART_PutChar
 .text.UART0_IRQHandler
                0x00000adc       0x14 ./KEAZN64/sources/uart.o
                0x00000adc                UART0_IRQHandler
 .text.UART1_IRQHandler
                0x00000af0       0x14 ./KEAZN64/sources/uart.o
                0x00000af0                UART1_IRQHandler
 .text.UART2_IRQHandler
                0x00000b04       0x14 ./KEAZN64/sources/uart.o
                0x00000b04                UART2_IRQHandler
 .text.SPI0_IRQHandler
                0x00000b18       0x1c ./KEAZN64/sources/spi.o
                0x00000b18                SPI0_IRQHandler
 .text.SPI1_IRQHandler
                0x00000b34       0x1c ./KEAZN64/sources/spi.o
                0x00000b34                SPI1_IRQHandler
 .text.RTC_ClrFlags
                0x00000b50       0x18 ./KEAZN64/sources/rtc.o
 .text.RTC_IRQHandler
                0x00000b68       0x20 ./KEAZN64/sources/rtc.o
                0x00000b68                RTC_IRQHandler
 .text.printk_putc
                0x00000b88       0x50 ./KEAZN64/sources/printf.o
 .text.printk_mknumstr
                0x00000bd8      0x100 ./KEAZN64/sources/printf.o
 .text.printk_pad_zero
                0x00000cd8       0x38 ./KEAZN64/sources/printf.o
 .text.printk_pad_space
                0x00000d10       0x38 ./KEAZN64/sources/printf.o
 .text.printk   0x00000d48      0x56c ./KEAZN64/sources/printf.o
                0x00000d48                printk
 .text.printf   0x000012b4       0x44 ./KEAZN64/sources/printf.o
                0x000012b4                printf
 .text.puts     0x000012f8       0x1c ./KEAZN64/sources/printf.o
                0x000012f8                puts
 .text.out_char
                0x00001314       0x24 ./KEAZN64/sources/printf.o
                0x00001314                out_char
 .text.PIT_ChannelClrFlags
                0x00001338       0x40 ./KEAZN64/sources/pit.o
 .text.PIT_CH0_IRQHandler
                0x00001378       0x20 ./KEAZN64/sources/pit.o
                0x00001378                PIT_CH0_IRQHandler
 .text.PIT_CH1_IRQHandler
                0x00001398       0x20 ./KEAZN64/sources/pit.o
                0x00001398                PIT_CH1_IRQHandler
 .text.NVIC_EnableIRQ
                0x000013b8       0x2c ./KEAZN64/sources/nvic.o
 .text.NVIC_ClearPendingIRQ
                0x000013e4       0x30 ./KEAZN64/sources/nvic.o
 .text.Enable_Interrupt
                0x00001414       0x2c ./KEAZN64/sources/nvic.o
                0x00001414                Enable_Interrupt
 .text.KBI0_IRQHandler
                0x00001440       0x38 ./KEAZN64/sources/kbi.o
                0x00001440                KBI0_IRQHandler
 .text.KBI1_IRQHandler
                0x00001478       0x38 ./KEAZN64/sources/kbi.o
                0x00001478                KBI1_IRQHandler
 .text.ICS_SetBusDivider
                0x000014b0       0x34 ./KEAZN64/sources/ics.o
 .text.FEI_factory_to_FEI_custom
                0x000014e4       0x64 ./KEAZN64/sources/ics.o
                0x000014e4                FEI_factory_to_FEI_custom
 .text.FEI_to_FEE
                0x00001548       0x70 ./KEAZN64/sources/ics.o
                0x00001548                FEI_to_FEE
 .text.FEI_to_FBI
                0x000015b8       0x68 ./KEAZN64/sources/ics.o
                0x000015b8                FEI_to_FBI
 .text.FEI_to_FBE
                0x00001620       0x94 ./KEAZN64/sources/ics.o
                0x00001620                FEI_to_FBE
 .text.ICS_SetOscDivider
                0x000016b4       0xc4 ./KEAZN64/sources/ics.o
                0x000016b4                ICS_SetOscDivider
 .text.ICS_Init
                0x00001778       0xa8 ./KEAZN64/sources/ics.o
                0x00001778                ICS_Init
 .text.OSC_Init
                0x00001820       0xdc ./KEAZN64/sources/ics.o
                0x00001820                OSC_Init
 .text.I2C0_IRQHandler
                0x000018fc       0x1c ./KEAZN64/sources/i2c.o
                0x000018fc                I2C0_IRQHandler
 .text.FTM0_IRQHandler
                0x00001918       0x1c ./KEAZN64/sources/ftm.o
                0x00001918                FTM0_IRQHandler
 .text.FTM1_IRQHandler
                0x00001934       0x1c ./KEAZN64/sources/ftm.o
                0x00001934                FTM1_IRQHandler
 .text.FTM2_IRQHandler
                0x00001950       0x1c ./KEAZN64/sources/ftm.o
                0x00001950                FTM2_IRQHandler
 .text.ADC0_IRQHandler
                0x0000196c       0x1c ./KEAZN64/sources/adc.o
                0x0000196c                ADC0_IRQHandler
 .text.ACMP0_IRQHandler
                0x00001988       0x1c ./KEAZN64/sources/acmp.o
                0x00001988                ACMP0_IRQHandler
 .text.ACMP1_IRQHandler
                0x000019a4       0x1c ./KEAZN64/sources/acmp.o
                0x000019a4                ACMP1_IRQHandler
 .text.exit     0x000019c0       0x38 C:/nxp/S32DS_ARM_v2018.R1/S32DS/arm_ewl2/lib/armv6-m\libc.a(exit.o)
                0x000019c0                exit
 .text.memset   0x000019f8        0xc C:/nxp/S32DS_ARM_v2018.R1/S32DS/arm_ewl2/lib/armv6-m\libc.a(memset.o)
                0x000019f8                memset
 .text.strlen   0x00001a04        0xe C:/nxp/S32DS_ARM_v2018.R1/S32DS/arm_ewl2/lib/armv6-m\libc.a(strlen.o)
                0x00001a04                strlen
 .text.__fill_mem
                0x00001a12       0x82 C:/nxp/S32DS_ARM_v2018.R1/S32DS/arm_ewl2/lib/armv6-m\libc.a(__filll_mem.o)
                0x00001a12                __fill_mem
 .text.__init_cpp
                0x00001a94       0x48 C:/nxp/S32DS_ARM_v2018.R1/S32DS/arm_ewl2/lib/armv6-m\librt.a(gcc_ctor_dtor.o)
                0x00001a94                __init_cpp
 .text.__fini_cpp
                0x00001adc       0x34 C:/nxp/S32DS_ARM_v2018.R1/S32DS/arm_ewl2/lib/armv6-m\librt.a(gcc_ctor_dtor.o)
                0x00001adc                __fini_cpp
 .text._ExitProcess
                0x00001b10        0x2 C:/nxp/S32DS_ARM_v2018.R1/S32DS/arm_ewl2/lib/armv6-m\librt.a(gcc_ctor_dtor.o)
                0x00001b10                _ExitProcess
 *fill*         0x00001b12        0x2 
 .text.__destroy_global_chain
                0x00001b14       0x1c C:/nxp/S32DS_ARM_v2018.R1/S32DS/arm_ewl2/lib/armv6-m\librt.a(__arm_eabi_init.o)
                0x00001b14                __destroy_global_chain
 .text.__init_registers
                0x00001b30       0x1c C:/nxp/S32DS_ARM_v2018.R1/S32DS/arm_ewl2/lib/armv6-m\librt.a(__arm_eabi_init.o)
                0x00001b30                __init_registers
 .text.__init_hardware
                0x00001b4c        0x4 C:/nxp/S32DS_ARM_v2018.R1/S32DS/arm_ewl2/lib/armv6-m\librt.a(__arm_eabi_init.o)
                0x00001b4c                __init_hardware
 .text.__init_user
                0x00001b50        0x4 C:/nxp/S32DS_ARM_v2018.R1/S32DS/arm_ewl2/lib/armv6-m\librt.a(__arm_eabi_init.o)
                0x00001b50                __init_user
 .text.__copy_rom_section
                0x00001b54       0x40 C:/nxp/S32DS_ARM_v2018.R1/S32DS/arm_ewl2/lib/armv6-m\librt.a(ROMCopy.o)
                0x00001b54                __copy_rom_section
 .text.__copy_rom_sections_to_ram
                0x00001b94       0x34 C:/nxp/S32DS_ARM_v2018.R1/S32DS/arm_ewl2/lib/armv6-m\librt.a(ROMCopy.o)
                0x00001b94                __copy_rom_sections_to_ram
 *(.rodata)
 .rodata        0x00001bc8       0x1c ./src/main.o
 *(.rodata*)
 .rodata.printk
                0x00001be4       0xc8 ./KEAZN64/sources/printf.o
 *(.glue_7)
 .glue_7        0x00000000        0x0 linker stubs
 *(.glue_7t)
 .glue_7t       0x00000000        0x0 linker stubs
 *(.eh_frame)
 *(.init)
 *(.fini)
                0x00001cac                . = ALIGN (0x4)

.vfp11_veneer   0x00001cac        0x0
 .vfp11_veneer  0x00000000        0x0 linker stubs

.v4_bx          0x00001cac        0x0
 .v4_bx         0x00000000        0x0 linker stubs

.iplt           0x00001cac        0x0
 .iplt          0x00000000        0x0 C:/nxp/S32DS_ARM_v2018.R1/S32DS/arm_ewl2/lib/armv6-m/__arm_start.o

.rel.dyn        0x00001cac        0x0
 .rel.iplt      0x00000000        0x0 C:/nxp/S32DS_ARM_v2018.R1/S32DS/arm_ewl2/lib/armv6-m/__arm_start.o

.ARM.extab
 *(.ARM.extab* .gnu.linkonce.armextab.*)

.ARM            0x00001cac        0x0
                0x00001cac                __exidx_start = .
 *(.ARM.exidx*)
                0x00001cac                __exidx_end = .

.ctors          0x00001cac        0x0
                0x00001cac                __CTOR_LIST__ = .
 *crtbegin.o(.ctors)
 *crtbegin?.o(.ctors)
 *(EXCLUDE_FILE(*crtend.o *crtend?.o) .ctors)
 *(SORT(.ctors.*))
 *(.ctors)
                0x00001cac                __CTOR_END__ = .

.dtors          0x00001cac        0x0
                0x00001cac                __DTOR_LIST__ = .
 *crtbegin.o(.dtors)
 *crtbegin?.o(.dtors)
 *(EXCLUDE_FILE(*crtend.o *crtend?.o) .dtors)
 *(SORT(.dtors.*))
 *(.dtors)
                0x00001cac                __DTOR_END__ = .

.preinit_array  0x00001cac        0x0
                0x00001cac                PROVIDE (__preinit_array_start, .)
 *(.preinit_array*)
                0x00001cac                PROVIDE (__preinit_array_end, .)

.init_array     0x00001cac        0x0
                0x00001cac                PROVIDE (__init_array_start, .)
 *(SORT(.init_array.*))
 *(.init_array*)
                0x00001cac                PROVIDE (__init_array_end, .)

.fini_array     0x00001cac        0x0
                0x00001cac                PROVIDE (__fini_array_start, .)
 *(SORT(.fini_array.*))
 *(.fini_array*)
                0x00001cac                PROVIDE (__fini_array_end, .)
                0x00001cac                __etext = .
                0x00001cac                __DATA_ROM = .

.mtb            0x1ffffc00        0x0
                0x1ffffc00                . = ALIGN (0x8)
                0x1ffffc00                _mtb_start = .
 *(.mtb_buf)
                0x1ffffc00                . = ALIGN (0x8)
                0x1ffffc00                _mtb_end = .

.data           0x1ffffc00        0x0 load address 0x00001cac
                0x1ffffc00                . = ALIGN (0x4)
                0x1ffffc00                __DATA_RAM = .
                0x1ffffc00                __data_start__ = .
                0x1ffffc00                _sdata = .
 *(.data)
 *(.data*)
 *(.jcr*)
                0x1ffffc00                . = ALIGN (0x4)
                0x1ffffc00                __data_end__ = .
                0x1ffffc00                _edata = .
                0x00001cac                __DATA_END = (__DATA_ROM + (__data_end__ - __data_start__))
                0x00000000                ___data_size = (_edata - _sdata)

.igot.plt       0x1ffffc00        0x0
 .igot.plt      0x00000000        0x0 C:/nxp/S32DS_ARM_v2018.R1/S32DS/arm_ewl2/lib/armv6-m/__arm_start.o

.bss            0x1ffffc00       0x54
                0x1ffffc00                . = ALIGN (0x4)
                0x1ffffc00                __START_BSS = .
                0x1ffffc00                __bss_start__ = .
 *(.bss)
 *(.bss*)
 .bss.argv      0x1ffffc00        0x4 C:/nxp/S32DS_ARM_v2018.R1/S32DS/arm_ewl2/lib/armv6-m/__arm_start.o
 .bss.UART_Callback
                0x1ffffc04        0xc ./KEAZN64/sources/uart.o
                0x1ffffc04                UART_Callback
 .bss.SPI_Callback
                0x1ffffc10        0x8 ./KEAZN64/sources/spi.o
                0x1ffffc10                SPI_Callback
 .bss.RTC_Callback
                0x1ffffc18        0x4 ./KEAZN64/sources/rtc.o
                0x1ffffc18                RTC_Callback
 .bss.PIT_Callback
                0x1ffffc1c        0x8 ./KEAZN64/sources/pit.o
                0x1ffffc1c                PIT_Callback
 .bss.KBI_Callback
                0x1ffffc24        0x8 ./KEAZN64/sources/kbi.o
                0x1ffffc24                KBI_Callback
 .bss.I2C_Callback
                0x1ffffc2c        0x4 ./KEAZN64/sources/i2c.o
 .bss.FTM_Callback
                0x1ffffc30        0xc ./KEAZN64/sources/ftm.o
                0x1ffffc30                FTM_Callback
 .bss.ADC_Callback
                0x1ffffc3c        0x4 ./KEAZN64/sources/adc.o
                0x1ffffc3c                ADC_Callback
 .bss.ACMP_Callback
                0x1ffffc40        0x8 ./KEAZN64/sources/acmp.o
                0x1ffffc40                ACMP_Callback
 .bss.__stdio_exit
                0x1ffffc48        0x4 C:/nxp/S32DS_ARM_v2018.R1/S32DS/arm_ewl2/lib/armv6-m\libc.a(exit.o)
                0x1ffffc48                __stdio_exit
 .bss.__console_exit
                0x1ffffc4c        0x4 C:/nxp/S32DS_ARM_v2018.R1/S32DS/arm_ewl2/lib/armv6-m\libc.a(exit.o)
                0x1ffffc4c                __console_exit
 .bss.__global_destructor_chain
                0x1ffffc50        0x4 C:/nxp/S32DS_ARM_v2018.R1/S32DS/arm_ewl2/lib/armv6-m\librt.a(__arm_eabi_init.o)
                0x1ffffc50                __global_destructor_chain
 *(COMMON)
                0x1ffffc54                . = ALIGN (0x4)
                0x1ffffc54                __bss_end__ = .
                0x1ffffc54                __END_BSS = .
                0x00001cac                _romp_at = (__DATA_ROM + SIZEOF (.data))

.romp           0x1ffffc54       0x18 load address 0x00001cac
                0x00001cac                __S_romp = _romp_at
                0x1ffffc54        0x4 LONG 0x1cac __DATA_ROM
                0x1ffffc58        0x4 LONG 0x1ffffc00 _sdata
                0x1ffffc5c        0x4 LONG 0x0 ___data_size
                0x1ffffc60        0x4 LONG 0x0
                0x1ffffc64        0x4 LONG 0x0
                0x1ffffc68        0x4 LONG 0x0

.heap           0x1ffffc6c      0x504 load address 0x00001cc4
                0x1ffffc70                . = ALIGN (0x8)
 *fill*         0x1ffffc6c        0x4 
                0x1ffffc70                __end__ = .
                0x1ffffc70                _end = .
                0x1ffffc70                PROVIDE (end, .)
                0x1ffffc70                __HeapBase = .
                0x20000170                . = (. + HEAP_SIZE)
 *fill*         0x1ffffc70      0x500 
                0x20000170                __HeapLimit = .

.stack          0x20000170      0x400 load address 0x000021c8
                0x20000170                . = ALIGN (0x8)
                0x20000570                . = (. + STACK_SIZE)
 *fill*         0x20000170      0x400 
                0x20000570                __StackTop = .
                0x20000170                __StackLimit = (__StackTop - STACK_SIZE)
                0x20000570                PROVIDE (__stack, __StackTop)

.ARM.attributes
                0x00000000       0x2f
 *(.ARM.attributes)
 .ARM.attributes
                0x00000000       0x31 C:/nxp/S32DS_ARM_v2018.R1/S32DS/arm_ewl2/lib/armv6-m/__arm_start.o
 .ARM.attributes
                0x00000031       0x32 ./src/main.o
 .ARM.attributes
                0x00000063       0x32 ./Project_Settings/Startup_Code/system_SKEAZN642.o
 .ARM.attributes
                0x00000095       0x1b ./Project_Settings/Startup_Code/startup_SKEAZN642.o
 .ARM.attributes
                0x000000b0       0x32 ./KEAZN64/sources/uart.o
 .ARM.attributes
                0x000000e2       0x32 ./KEAZN64/sources/spi.o
 .ARM.attributes
                0x00000114       0x32 ./KEAZN64/sources/rtc.o
 .ARM.attributes
                0x00000146       0x32 ./KEAZN64/sources/printf.o
 .ARM.attributes
                0x00000178       0x32 ./KEAZN64/sources/pit.o
 .ARM.attributes
                0x000001aa       0x32 ./KEAZN64/sources/nvic.o
 .ARM.attributes
                0x000001dc       0x32 ./KEAZN64/sources/kbi.o
 .ARM.attributes
                0x0000020e       0x32 ./KEAZN64/sources/ics.o
 .ARM.attributes
                0x00000240       0x32 ./KEAZN64/sources/i2c.o
 .ARM.attributes
                0x00000272       0x32 ./KEAZN64/sources/ftm.o
 .ARM.attributes
                0x000002a4       0x32 ./KEAZN64/sources/adc.o
 .ARM.attributes
                0x000002d6       0x32 ./KEAZN64/sources/acmp.o
 .ARM.attributes
                0x00000308       0x31 C:/nxp/S32DS_ARM_v2018.R1/S32DS/arm_ewl2/lib/armv6-m\libc.a(exit.o)
 .ARM.attributes
                0x00000339       0x31 C:/nxp/S32DS_ARM_v2018.R1/S32DS/arm_ewl2/lib/armv6-m\libc.a(memset.o)
 .ARM.attributes
                0x0000036a       0x31 C:/nxp/S32DS_ARM_v2018.R1/S32DS/arm_ewl2/lib/armv6-m\libc.a(strlen.o)
 .ARM.attributes
                0x0000039b       0x31 C:/nxp/S32DS_ARM_v2018.R1/S32DS/arm_ewl2/lib/armv6-m\libc.a(__filll_mem.o)
 .ARM.attributes
                0x000003cc       0x1e c:/nxp/s32ds_arm_v2018.r1/cross_tools/gcc-arm-none-eabi-4_9/bin/../lib/gcc/arm-none-eabi/4.9.3/armv6-m\libgcc.a(_udivsi3.o)
 .ARM.attributes
                0x000003ea       0x1e c:/nxp/s32ds_arm_v2018.r1/cross_tools/gcc-arm-none-eabi-4_9/bin/../lib/gcc/arm-none-eabi/4.9.3/armv6-m\libgcc.a(_divsi3.o)
 .ARM.attributes
                0x00000408       0x1e c:/nxp/s32ds_arm_v2018.r1/cross_tools/gcc-arm-none-eabi-4_9/bin/../lib/gcc/arm-none-eabi/4.9.3/armv6-m\libgcc.a(_dvmd_tls.o)
 .ARM.attributes
                0x00000426       0x31 C:/nxp/S32DS_ARM_v2018.R1/S32DS/arm_ewl2/lib/armv6-m\librt.a(gcc_ctor_dtor.o)
 .ARM.attributes
                0x00000457       0x31 C:/nxp/S32DS_ARM_v2018.R1/S32DS/arm_ewl2/lib/armv6-m\librt.a(__arm_eabi_init.o)
 .ARM.attributes
                0x00000488       0x31 C:/nxp/S32DS_ARM_v2018.R1/S32DS/arm_ewl2/lib/armv6-m\librt.a(ROMCopy.o)
OUTPUT(kea64_sdk_test.elf elf32-littlearm)

.debug_info     0x00000000     0x68a1
 .debug_info    0x00000000      0x144 C:/nxp/S32DS_ARM_v2018.R1/S32DS/arm_ewl2/lib/armv6-m/__arm_start.o
 .debug_info    0x00000144      0x63d ./src/main.o
 .debug_info    0x00000781      0x2f6 ./Project_Settings/Startup_Code/system_SKEAZN642.o
 .debug_info    0x00000a77       0x9b ./Project_Settings/Startup_Code/startup_SKEAZN642.o
 .debug_info    0x00000b12      0xac9 ./KEAZN64/sources/uart.o
 .debug_info    0x000015db      0x88e ./KEAZN64/sources/spi.o
 .debug_info    0x00001e69      0x442 ./KEAZN64/sources/rtc.o
 .debug_info    0x000022ab      0x5b2 ./KEAZN64/sources/printf.o
 .debug_info    0x0000285d      0x583 ./KEAZN64/sources/pit.o
 .debug_info    0x00002de0      0x34b ./KEAZN64/sources/nvic.o
 .debug_info    0x0000312b      0x50f ./KEAZN64/sources/kbi.o
 .debug_info    0x0000363a      0x5eb ./KEAZN64/sources/ics.o
 .debug_info    0x00003c25      0xa29 ./KEAZN64/sources/i2c.o
 .debug_info    0x0000464e      0xb63 ./KEAZN64/sources/ftm.o
 .debug_info    0x000051b1      0x7b3 ./KEAZN64/sources/adc.o
 .debug_info    0x00005964      0x53b ./KEAZN64/sources/acmp.o
 .debug_info    0x00005e9f       0xe8 C:/nxp/S32DS_ARM_v2018.R1/S32DS/arm_ewl2/lib/armv6-m\libc.a(exit.o)
 .debug_info    0x00005f87       0xec C:/nxp/S32DS_ARM_v2018.R1/S32DS/arm_ewl2/lib/armv6-m\libc.a(memset.o)
 .debug_info    0x00006073       0xe9 C:/nxp/S32DS_ARM_v2018.R1/S32DS/arm_ewl2/lib/armv6-m\libc.a(strlen.o)
 .debug_info    0x0000615c      0x137 C:/nxp/S32DS_ARM_v2018.R1/S32DS/arm_ewl2/lib/armv6-m\libc.a(__filll_mem.o)
 .debug_info    0x00006293      0x14a C:/nxp/S32DS_ARM_v2018.R1/S32DS/arm_ewl2/lib/armv6-m\librt.a(gcc_ctor_dtor.o)
 .debug_info    0x000063dd      0x2b5 C:/nxp/S32DS_ARM_v2018.R1/S32DS/arm_ewl2/lib/armv6-m\librt.a(__arm_eabi_init.o)
 .debug_info    0x00006692      0x20f C:/nxp/S32DS_ARM_v2018.R1/S32DS/arm_ewl2/lib/armv6-m\librt.a(ROMCopy.o)

.debug_abbrev   0x00000000     0x1e1c
 .debug_abbrev  0x00000000       0xc0 C:/nxp/S32DS_ARM_v2018.R1/S32DS/arm_ewl2/lib/armv6-m/__arm_start.o
 .debug_abbrev  0x000000c0      0x12e ./src/main.o
 .debug_abbrev  0x000001ee      0x102 ./Project_Settings/Startup_Code/system_SKEAZN642.o
 .debug_abbrev  0x000002f0       0x14 ./Project_Settings/Startup_Code/startup_SKEAZN642.o
 .debug_abbrev  0x00000304      0x287 ./KEAZN64/sources/uart.o
 .debug_abbrev  0x0000058b      0x206 ./KEAZN64/sources/spi.o
 .debug_abbrev  0x00000791      0x1ac ./KEAZN64/sources/rtc.o
 .debug_abbrev  0x0000093d      0x20e ./KEAZN64/sources/printf.o
 .debug_abbrev  0x00000b4b      0x1c6 ./KEAZN64/sources/pit.o
 .debug_abbrev  0x00000d11      0x118 ./KEAZN64/sources/nvic.o
 .debug_abbrev  0x00000e29      0x1aa ./KEAZN64/sources/kbi.o
 .debug_abbrev  0x00000fd3      0x18f ./KEAZN64/sources/ics.o
 .debug_abbrev  0x00001162      0x21c ./KEAZN64/sources/i2c.o
 .debug_abbrev  0x0000137e      0x1b4 ./KEAZN64/sources/ftm.o
 .debug_abbrev  0x00001532      0x202 ./KEAZN64/sources/adc.o
 .debug_abbrev  0x00001734      0x184 ./KEAZN64/sources/acmp.o
 .debug_abbrev  0x000018b8       0x7a C:/nxp/S32DS_ARM_v2018.R1/S32DS/arm_ewl2/lib/armv6-m\libc.a(exit.o)
 .debug_abbrev  0x00001932       0x62 C:/nxp/S32DS_ARM_v2018.R1/S32DS/arm_ewl2/lib/armv6-m\libc.a(memset.o)
 .debug_abbrev  0x00001994       0x7a C:/nxp/S32DS_ARM_v2018.R1/S32DS/arm_ewl2/lib/armv6-m\libc.a(strlen.o)
 .debug_abbrev  0x00001a0e       0x78 C:/nxp/S32DS_ARM_v2018.R1/S32DS/arm_ewl2/lib/armv6-m\libc.a(__filll_mem.o)
 .debug_abbrev  0x00001a86       0xae C:/nxp/S32DS_ARM_v2018.R1/S32DS/arm_ewl2/lib/armv6-m\librt.a(gcc_ctor_dtor.o)
 .debug_abbrev  0x00001b34      0x1ba C:/nxp/S32DS_ARM_v2018.R1/S32DS/arm_ewl2/lib/armv6-m\librt.a(__arm_eabi_init.o)
 .debug_abbrev  0x00001cee      0x12e C:/nxp/S32DS_ARM_v2018.R1/S32DS/arm_ewl2/lib/armv6-m\librt.a(ROMCopy.o)

.debug_aranges  0x00000000      0x910
 .debug_aranges
                0x00000000       0x28 C:/nxp/S32DS_ARM_v2018.R1/S32DS/arm_ewl2/lib/armv6-m/__arm_start.o
 .debug_aranges
                0x00000028       0x20 ./src/main.o
 .debug_aranges
                0x00000048       0x28 ./Project_Settings/Startup_Code/system_SKEAZN642.o
 .debug_aranges
                0x00000070       0x20 ./Project_Settings/Startup_Code/startup_SKEAZN642.o
 .debug_aranges
                0x00000090       0xc0 ./KEAZN64/sources/uart.o
 .debug_aranges
                0x00000150       0xe0 ./KEAZN64/sources/spi.o
 .debug_aranges
                0x00000230       0x60 ./KEAZN64/sources/rtc.o
 .debug_aranges
                0x00000290       0x68 ./KEAZN64/sources/printf.o
 .debug_aranges
                0x000002f8       0xa0 ./KEAZN64/sources/pit.o
 .debug_aranges
                0x00000398       0x48 ./KEAZN64/sources/nvic.o
 .debug_aranges
                0x000003e0       0x40 ./KEAZN64/sources/kbi.o
 .debug_aranges
                0x00000420       0xd8 ./KEAZN64/sources/ics.o
 .debug_aranges
                0x000004f8       0xf0 ./KEAZN64/sources/i2c.o
 .debug_aranges
                0x000005e8       0xe0 ./KEAZN64/sources/ftm.o
 .debug_aranges
                0x000006c8       0xc8 ./KEAZN64/sources/adc.o
 .debug_aranges
                0x00000790       0x48 ./KEAZN64/sources/acmp.o
 .debug_aranges
                0x000007d8       0x20 C:/nxp/S32DS_ARM_v2018.R1/S32DS/arm_ewl2/lib/armv6-m\libc.a(exit.o)
 .debug_aranges
                0x000007f8       0x20 C:/nxp/S32DS_ARM_v2018.R1/S32DS/arm_ewl2/lib/armv6-m\libc.a(memset.o)
 .debug_aranges
                0x00000818       0x20 C:/nxp/S32DS_ARM_v2018.R1/S32DS/arm_ewl2/lib/armv6-m\libc.a(strlen.o)
 .debug_aranges
                0x00000838       0x20 C:/nxp/S32DS_ARM_v2018.R1/S32DS/arm_ewl2/lib/armv6-m\libc.a(__filll_mem.o)
 .debug_aranges
                0x00000858       0x30 C:/nxp/S32DS_ARM_v2018.R1/S32DS/arm_ewl2/lib/armv6-m\librt.a(gcc_ctor_dtor.o)
 .debug_aranges
                0x00000888       0x58 C:/nxp/S32DS_ARM_v2018.R1/S32DS/arm_ewl2/lib/armv6-m\librt.a(__arm_eabi_init.o)
 .debug_aranges
                0x000008e0       0x30 C:/nxp/S32DS_ARM_v2018.R1/S32DS/arm_ewl2/lib/armv6-m\librt.a(ROMCopy.o)

.debug_line     0x00000000     0x4049
 .debug_line    0x00000000       0x68 C:/nxp/S32DS_ARM_v2018.R1/S32DS/arm_ewl2/lib/armv6-m/__arm_start.o
 .debug_line    0x00000068      0x2b6 ./src/main.o
 .debug_line    0x0000031e      0x248 ./Project_Settings/Startup_Code/system_SKEAZN642.o
 .debug_line    0x00000566       0x86 ./Project_Settings/Startup_Code/startup_SKEAZN642.o
 .debug_line    0x000005ec      0x4fa ./KEAZN64/sources/uart.o
 .debug_line    0x00000ae6      0x50b ./KEAZN64/sources/spi.o
 .debug_line    0x00000ff1      0x381 ./KEAZN64/sources/rtc.o
 .debug_line    0x00001372      0x544 ./KEAZN64/sources/printf.o
 .debug_line    0x000018b6      0x412 ./KEAZN64/sources/pit.o
 .debug_line    0x00001cc8      0x315 ./KEAZN64/sources/nvic.o
 .debug_line    0x00001fdd      0x344 ./KEAZN64/sources/kbi.o
 .debug_line    0x00002321      0x5bd ./KEAZN64/sources/ics.o
 .debug_line    0x000028de      0x57e ./KEAZN64/sources/i2c.o
 .debug_line    0x00002e5c      0x593 ./KEAZN64/sources/ftm.o
 .debug_line    0x000033ef      0x480 ./KEAZN64/sources/adc.o
 .debug_line    0x0000386f      0x35a ./KEAZN64/sources/acmp.o
 .debug_line    0x00003bc9       0x8d C:/nxp/S32DS_ARM_v2018.R1/S32DS/arm_ewl2/lib/armv6-m\libc.a(exit.o)
 .debug_line    0x00003c56       0x90 C:/nxp/S32DS_ARM_v2018.R1/S32DS/arm_ewl2/lib/armv6-m\libc.a(memset.o)
 .debug_line    0x00003ce6       0x85 C:/nxp/S32DS_ARM_v2018.R1/S32DS/arm_ewl2/lib/armv6-m\libc.a(strlen.o)
 .debug_line    0x00003d6b       0xaf C:/nxp/S32DS_ARM_v2018.R1/S32DS/arm_ewl2/lib/armv6-m\libc.a(__filll_mem.o)
 .debug_line    0x00003e1a       0x74 C:/nxp/S32DS_ARM_v2018.R1/S32DS/arm_ewl2/lib/armv6-m\librt.a(gcc_ctor_dtor.o)
 .debug_line    0x00003e8e      0x10f C:/nxp/S32DS_ARM_v2018.R1/S32DS/arm_ewl2/lib/armv6-m\librt.a(__arm_eabi_init.o)
 .debug_line    0x00003f9d       0xac C:/nxp/S32DS_ARM_v2018.R1/S32DS/arm_ewl2/lib/armv6-m\librt.a(ROMCopy.o)

.debug_str      0x00000000    0x28aa0
 .debug_str     0x00000000      0x1e7 C:/nxp/S32DS_ARM_v2018.R1/S32DS/arm_ewl2/lib/armv6-m/__arm_start.o
                                0x270 (size before relaxing)
 .debug_str     0x000001e7    0x24bb3 ./src/main.o
                              0x24f5d (size before relaxing)
 .debug_str     0x00024d9a       0xd2 ./Project_Settings/Startup_Code/system_SKEAZN642.o
                              0x245db (size before relaxing)
 .debug_str     0x00024e6c      0x66a ./KEAZN64/sources/uart.o
                              0x24dc0 (size before relaxing)
 .debug_str     0x000254d6      0x4c8 ./KEAZN64/sources/spi.o
                              0x24b8d (size before relaxing)
 .debug_str     0x0002599e      0x2f4 ./KEAZN64/sources/rtc.o
                              0x249ba (size before relaxing)
 .debug_str     0x00025c92      0x642 ./KEAZN64/sources/printf.o
                              0x24bdf (size before relaxing)
 .debug_str     0x000262d4      0x251 ./KEAZN64/sources/pit.o
                              0x24948 (size before relaxing)
 .debug_str     0x00026525      0x12b ./KEAZN64/sources/nvic.o
                              0x247a1 (size before relaxing)
 .debug_str     0x00026650      0x174 ./KEAZN64/sources/kbi.o
                              0x24866 (size before relaxing)
 .debug_str     0x000267c4      0x1b9 ./KEAZN64/sources/ics.o
                              0x24896 (size before relaxing)
 .debug_str     0x0002697d      0x558 ./KEAZN64/sources/i2c.o
                              0x24c52 (size before relaxing)
 .debug_str     0x00026ed5      0xb7e ./KEAZN64/sources/ftm.o
                              0x25281 (size before relaxing)
 .debug_str     0x00027a53      0x7a7 ./KEAZN64/sources/adc.o
                              0x24e8e (size before relaxing)
 .debug_str     0x000281fa      0x402 ./KEAZN64/sources/acmp.o
                              0x24ad6 (size before relaxing)
 .debug_str     0x000285fc      0x18f C:/nxp/S32DS_ARM_v2018.R1/S32DS/arm_ewl2/lib/armv6-m\libc.a(exit.o)
                                0x22d (size before relaxing)
 .debug_str     0x0002878b       0x1c C:/nxp/S32DS_ARM_v2018.R1/S32DS/arm_ewl2/lib/armv6-m\libc.a(memset.o)
                                0x216 (size before relaxing)
 .debug_str     0x000287a7       0x24 C:/nxp/S32DS_ARM_v2018.R1/S32DS/arm_ewl2/lib/armv6-m\libc.a(strlen.o)
                                0x216 (size before relaxing)
 .debug_str     0x000287cb       0x25 C:/nxp/S32DS_ARM_v2018.R1/S32DS/arm_ewl2/lib/armv6-m\libc.a(__filll_mem.o)
                                0x228 (size before relaxing)
 .debug_str     0x000287f0      0x113 C:/nxp/S32DS_ARM_v2018.R1/S32DS/arm_ewl2/lib/armv6-m\librt.a(gcc_ctor_dtor.o)
                                0x28e (size before relaxing)
 .debug_str     0x00028903      0x103 C:/nxp/S32DS_ARM_v2018.R1/S32DS/arm_ewl2/lib/armv6-m\librt.a(__arm_eabi_init.o)
                                0x2b5 (size before relaxing)
 .debug_str     0x00028a06       0x9a C:/nxp/S32DS_ARM_v2018.R1/S32DS/arm_ewl2/lib/armv6-m\librt.a(ROMCopy.o)
                                0x233 (size before relaxing)

.comment        0x00000000       0x70
 .comment       0x00000000       0x70 C:/nxp/S32DS_ARM_v2018.R1/S32DS/arm_ewl2/lib/armv6-m/__arm_start.o
                                 0x71 (size before relaxing)
 .comment       0x00000000       0x71 ./src/main.o
 .comment       0x00000000       0x71 ./Project_Settings/Startup_Code/system_SKEAZN642.o
 .comment       0x00000000       0x71 ./KEAZN64/sources/uart.o
 .comment       0x00000000       0x71 ./KEAZN64/sources/spi.o
 .comment       0x00000000       0x71 ./KEAZN64/sources/rtc.o
 .comment       0x00000000       0x71 ./KEAZN64/sources/printf.o
 .comment       0x00000000       0x71 ./KEAZN64/sources/pit.o
 .comment       0x00000000       0x71 ./KEAZN64/sources/nvic.o
 .comment       0x00000000       0x71 ./KEAZN64/sources/kbi.o
 .comment       0x00000000       0x71 ./KEAZN64/sources/ics.o
 .comment       0x00000000       0x71 ./KEAZN64/sources/i2c.o
 .comment       0x00000000       0x71 ./KEAZN64/sources/ftm.o
 .comment       0x00000000       0x71 ./KEAZN64/sources/adc.o
 .comment       0x00000000       0x71 ./KEAZN64/sources/acmp.o
 .comment       0x00000000       0x71 C:/nxp/S32DS_ARM_v2018.R1/S32DS/arm_ewl2/lib/armv6-m\libc.a(exit.o)
 .comment       0x00000000       0x71 C:/nxp/S32DS_ARM_v2018.R1/S32DS/arm_ewl2/lib/armv6-m\libc.a(memset.o)
 .comment       0x00000000       0x71 C:/nxp/S32DS_ARM_v2018.R1/S32DS/arm_ewl2/lib/armv6-m\libc.a(strlen.o)
 .comment       0x00000000       0x71 C:/nxp/S32DS_ARM_v2018.R1/S32DS/arm_ewl2/lib/armv6-m\libc.a(__filll_mem.o)
 .comment       0x00000000       0x71 C:/nxp/S32DS_ARM_v2018.R1/S32DS/arm_ewl2/lib/armv6-m\librt.a(gcc_ctor_dtor.o)
 .comment       0x00000000       0x71 C:/nxp/S32DS_ARM_v2018.R1/S32DS/arm_ewl2/lib/armv6-m\librt.a(__arm_eabi_init.o)
 .comment       0x00000000       0x71 C:/nxp/S32DS_ARM_v2018.R1/S32DS/arm_ewl2/lib/armv6-m\librt.a(ROMCopy.o)

.debug_frame    0x00000000     0x1be0
 .debug_frame   0x00000000       0x30 C:/nxp/S32DS_ARM_v2018.R1/S32DS/arm_ewl2/lib/armv6-m/__arm_start.o
 .debug_frame   0x00000030       0x30 ./src/main.o
 .debug_frame   0x00000060       0x4c ./Project_Settings/Startup_Code/system_SKEAZN642.o
 .debug_frame   0x000000ac      0x2a4 ./KEAZN64/sources/uart.o
 .debug_frame   0x00000350      0x328 ./KEAZN64/sources/spi.o
 .debug_frame   0x00000678      0x120 ./KEAZN64/sources/rtc.o
 .debug_frame   0x00000798      0x14c ./KEAZN64/sources/printf.o
 .debug_frame   0x000008e4      0x214 ./KEAZN64/sources/pit.o
 .debug_frame   0x00000af8       0xd0 ./KEAZN64/sources/nvic.o
 .debug_frame   0x00000bc8       0xb0 ./KEAZN64/sources/kbi.o
 .debug_frame   0x00000c78      0x308 ./KEAZN64/sources/ics.o
 .debug_frame   0x00000f80      0x36c ./KEAZN64/sources/i2c.o
 .debug_frame   0x000012ec      0x324 ./KEAZN64/sources/ftm.o
 .debug_frame   0x00001610      0x2cc ./KEAZN64/sources/adc.o
 .debug_frame   0x000018dc       0xc8 ./KEAZN64/sources/acmp.o
 .debug_frame   0x000019a4       0x2c C:/nxp/S32DS_ARM_v2018.R1/S32DS/arm_ewl2/lib/armv6-m\libc.a(exit.o)
 .debug_frame   0x000019d0       0x28 C:/nxp/S32DS_ARM_v2018.R1/S32DS/arm_ewl2/lib/armv6-m\libc.a(memset.o)
 .debug_frame   0x000019f8       0x20 C:/nxp/S32DS_ARM_v2018.R1/S32DS/arm_ewl2/lib/armv6-m\libc.a(strlen.o)
 .debug_frame   0x00001a18       0x2c C:/nxp/S32DS_ARM_v2018.R1/S32DS/arm_ewl2/lib/armv6-m\libc.a(__filll_mem.o)
 .debug_frame   0x00001a44       0x20 c:/nxp/s32ds_arm_v2018.r1/cross_tools/gcc-arm-none-eabi-4_9/bin/../lib/gcc/arm-none-eabi/4.9.3/armv6-m\libgcc.a(_udivsi3.o)
 .debug_frame   0x00001a64       0x20 c:/nxp/s32ds_arm_v2018.r1/cross_tools/gcc-arm-none-eabi-4_9/bin/../lib/gcc/arm-none-eabi/4.9.3/armv6-m\libgcc.a(_divsi3.o)
 .debug_frame   0x00001a84       0x50 C:/nxp/S32DS_ARM_v2018.R1/S32DS/arm_ewl2/lib/armv6-m\librt.a(gcc_ctor_dtor.o)
 .debug_frame   0x00001ad4       0xbc C:/nxp/S32DS_ARM_v2018.R1/S32DS/arm_ewl2/lib/armv6-m\librt.a(__arm_eabi_init.o)
 .debug_frame   0x00001b90       0x50 C:/nxp/S32DS_ARM_v2018.R1/S32DS/arm_ewl2/lib/armv6-m\librt.a(ROMCopy.o)

.debug_ranges   0x00000000      0x6b0
 .debug_ranges  0x00000000       0x10 ./src/main.o
 .debug_ranges  0x00000010       0x18 ./Project_Settings/Startup_Code/system_SKEAZN642.o
 .debug_ranges  0x00000028       0xb0 ./KEAZN64/sources/uart.o
 .debug_ranges  0x000000d8       0xd0 ./KEAZN64/sources/spi.o
 .debug_ranges  0x000001a8       0x50 ./KEAZN64/sources/rtc.o
 .debug_ranges  0x000001f8       0x58 ./KEAZN64/sources/printf.o
 .debug_ranges  0x00000250       0x90 ./KEAZN64/sources/pit.o
 .debug_ranges  0x000002e0       0x38 ./KEAZN64/sources/nvic.o
 .debug_ranges  0x00000318       0x30 ./KEAZN64/sources/kbi.o
 .debug_ranges  0x00000348       0xc8 ./KEAZN64/sources/ics.o
 .debug_ranges  0x00000410       0xe0 ./KEAZN64/sources/i2c.o
 .debug_ranges  0x000004f0       0xd0 ./KEAZN64/sources/ftm.o
 .debug_ranges  0x000005c0       0xb8 ./KEAZN64/sources/adc.o
 .debug_ranges  0x00000678       0x38 ./KEAZN64/sources/acmp.o

.debug_macro    0x00000000     0x7ec9
 .debug_macro   0x00000000      0x13c ./src/main.o
 .debug_macro   0x0000013c      0x814 ./src/main.o
 .debug_macro   0x00000950       0x40 ./src/main.o
 .debug_macro   0x00000990       0x16 ./src/main.o
 .debug_macro   0x000009a6       0x2e ./src/main.o
 .debug_macro   0x000009d4       0x64 ./src/main.o
 .debug_macro   0x00000a38      0x178 ./src/main.o
 .debug_macro   0x00000bb0      0x147 ./src/main.o
 .debug_macro   0x00000cf7       0x9d ./src/main.o
 .debug_macro   0x00000d94       0x10 ./src/main.o
 .debug_macro   0x00000da4      0x1a1 ./src/main.o
 .debug_macro   0x00000f45       0x39 ./src/main.o
 .debug_macro   0x00000f7e       0x3a ./src/main.o
 .debug_macro   0x00000fb8       0x1f ./src/main.o
 .debug_macro   0x00000fd7      0x250 ./src/main.o
 .debug_macro   0x00001227       0x78 ./src/main.o
 .debug_macro   0x0000129f     0x586b ./src/main.o
 .debug_macro   0x00006b0a       0x3a ./src/main.o
 .debug_macro   0x00006b44       0x1c ./src/main.o
 .debug_macro   0x00006b60       0x16 ./src/main.o
 .debug_macro   0x00006b76       0xb4 ./src/main.o
 .debug_macro   0x00006c2a       0xbf ./Project_Settings/Startup_Code/system_SKEAZN642.o
 .debug_macro   0x00006ce9       0x63 ./Project_Settings/Startup_Code/system_SKEAZN642.o
 .debug_macro   0x00006d4c      0x10e ./KEAZN64/sources/uart.o
 .debug_macro   0x00006e5a       0xe9 ./KEAZN64/sources/spi.o
 .debug_macro   0x00006f43       0x40 ./KEAZN64/sources/spi.o
 .debug_macro   0x00006f83       0xe9 ./KEAZN64/sources/rtc.o
 .debug_macro   0x0000706c       0x52 ./KEAZN64/sources/rtc.o
 .debug_macro   0x000070be      0x233 ./KEAZN64/sources/printf.o
 .debug_macro   0x000072f1       0x16 ./KEAZN64/sources/printf.o
 .debug_macro   0x00007307       0x22 ./KEAZN64/sources/printf.o
 .debug_macro   0x00007329       0x16 ./KEAZN64/sources/printf.o
 .debug_macro   0x0000733f       0x16 ./KEAZN64/sources/printf.o
 .debug_macro   0x00007355       0x10 ./KEAZN64/sources/printf.o
 .debug_macro   0x00007365       0xe9 ./KEAZN64/sources/pit.o
 .debug_macro   0x0000744e       0x10 ./KEAZN64/sources/pit.o
 .debug_macro   0x0000745e       0xda ./KEAZN64/sources/nvic.o
 .debug_macro   0x00007538       0xef ./KEAZN64/sources/kbi.o
 .debug_macro   0x00007627       0x10 ./KEAZN64/sources/kbi.o
 .debug_macro   0x00007637       0xdd ./KEAZN64/sources/ics.o
 .debug_macro   0x00007714       0xe9 ./KEAZN64/sources/i2c.o
 .debug_macro   0x000077fd       0x82 ./KEAZN64/sources/i2c.o
 .debug_macro   0x0000787f       0xe9 ./KEAZN64/sources/ftm.o
 .debug_macro   0x00007968      0x1c3 ./KEAZN64/sources/ftm.o
 .debug_macro   0x00007b2b       0xe9 ./KEAZN64/sources/adc.o
 .debug_macro   0x00007c14      0x146 ./KEAZN64/sources/adc.o
 .debug_macro   0x00007d5a       0xf9 ./KEAZN64/sources/acmp.o
 .debug_macro   0x00007e53       0x76 ./KEAZN64/sources/acmp.o

.debug_loc      0x00000000      0x4fe
 .debug_loc     0x00000000       0x3e C:/nxp/S32DS_ARM_v2018.R1/S32DS/arm_ewl2/lib/armv6-m\libc.a(exit.o)
 .debug_loc     0x0000003e       0x6f C:/nxp/S32DS_ARM_v2018.R1/S32DS/arm_ewl2/lib/armv6-m\libc.a(memset.o)
 .debug_loc     0x000000ad       0x13 C:/nxp/S32DS_ARM_v2018.R1/S32DS/arm_ewl2/lib/armv6-m\libc.a(strlen.o)
 .debug_loc     0x000000c0      0x113 C:/nxp/S32DS_ARM_v2018.R1/S32DS/arm_ewl2/lib/armv6-m\libc.a(__filll_mem.o)
 .debug_loc     0x000001d3       0xb3 C:/nxp/S32DS_ARM_v2018.R1/S32DS/arm_ewl2/lib/armv6-m\librt.a(gcc_ctor_dtor.o)
 .debug_loc     0x00000286      0x184 C:/nxp/S32DS_ARM_v2018.R1/S32DS/arm_ewl2/lib/armv6-m\librt.a(__arm_eabi_init.o)
 .debug_loc     0x0000040a       0xf4 C:/nxp/S32DS_ARM_v2018.R1/S32DS/arm_ewl2/lib/armv6-m\librt.a(ROMCopy.o)
